[    0.00000] italizin cou subsy cuset
[    0.000000] Initializing cgroup subsys cpu
[   0.00000] Initializing cgroup subys cuacct
[   0000] nu version 4.4-8generi (buildd@lgw01-18) (gcc version 5.4.0 20160609 (Ubuntu 5.4.0-6ubuntu16.04.4)) 12Ubuntu SMP Mon Jul 31 19:38: UC 01 (unu 4.4.089.12-genic4.4.76)
[    0.000000] Command line: BOOT_IMAGE=/boot/vmlinuz-4.4.0-89-generic root=LABEL=cloudimg-rootfs ro console=tty1 console=ttyS0
[    0.000000] KERNEL supported cpus:
[    0.000000]   Intel GenuineIntel
[    0.000000]   AMD AuthenticAMD
[    0.000000]   Centaur CentaurHauls
[    0.000000] x86/fpu: xstate_offset[2]:  576, xstate_sizes[2]:  256
[    0.000000]x8fp: SupporngXSAVE feaur 0x01 '7 floating point registers'
[    0.000000] x86/fpu: Supporting XSAVE feature 0x02: 'SSE registers'
[    0.000000] x86/fpu: Supporting XSAVE feature 0x04: 'AVX registers'
[    0.000000] x86/fpu: Enabled xstate features 0x7, context size is 832 bytes, using 'standard' format.
[    0.000000] x86/fpu: Using 'lazy' FPU context switches.
[    0.000000] e820: BIOS-provided physical RAM map:
[    0.000000] BIOS-e820: [mem 0x0000000000000000-00000000009fbff] usable
[    0.000000] BIOS-e820: [mem 0x000000009fc00-0x00000000ff] esered
[   .00000 BS-e820 [mem 0x000000000f0000-0x00000000000fffff] reserved    .000] BIOS-e0:[mm 000000000100000-00000000feffff] usable
[    0.000000] BIOS-e820: [mem 0x000000003fff0000-0x000000003fffffff] ACPI data
[    0.000000] BIOS-e820: [mem 0x000000ffc00-00000000fffffffreserved
  0.00000] N (ecutDiabe) pottion: active
[    0.000000] SMBIOS 2.5 present.
[    0.000000] Hypervisor detected: KV
[   0.0000] e82: stpfn = 03ff0max_arch_pn 0x00000
[  0000000] MTRR: Disabled
[    0.00000] 86/PAT: MTRs sale, iping ATintiizion too.
[   000000] x6/T: Cofiraion[0]:WB  WT  UC-UCWB  WT  UC- UC  
[    0.000000] CPU MTRRs all blank - virtualized system.
[  00000 fundMPP-table at [mem 0x0009fff0-0x0009ffff] mapped at [ffff88000009fff0]
[    0.000000] Scanning 1 areas for low memory corruption
[    0.000000] RAMDISK: [mem 0x36ac4000-0x37559fff]
[    0.000000] ACPI: Early table checksum verification disabled
[    0.000000] ACPI: RSDP 0x00000000000E00000024 (v02 VOX  )
[    0.000000] ACPI: XSDT 0x000000003FFF0030 00003C (v01 VBOX   VBOXXSDT 00000001 ASL  00000061)
[    0.000000] ACPI: FACP 0x000000003FFF00F0 0000F4 (v04 VBOX   VBOXFACP 00000001 ASL  00000061)
[    0.000000] ACPI: DSDT 0x000000003FFF0470 002118 (v01 VBOX   VBOXBIOS 00000002 INTL 20100528)
[    0.000000] ACPI: FACS 0x000000003FFF0200 000040
[    0.000000] ACPI: FACS 0x000000003FFF0200 000040
[    0.000000] ACPI: APIC 0x000000003FFF0240 00005C (v02 VBOX   VBOXAPIC 00000001 ASL  00000061)
[    0.000000] ACPI: SSDT 0x000000003FFF02A0 0001CC (v01 VBOX   VBOXCPUT 00000002 INTL 20100528)
[    0.000000] No NUMA configuration found
[    0.000000] Faking a node at [mem 0x0000000000000000-0x000000003ffeffff]
[    0.000000] NODE_DATA(0) allocated [mem 0x3ffeb000-0x3ffeffff]
[   .000000] kvm-clock: Usngsrs 45601and 4b564d00
[    0.000000] kvm-clock: cpu 0, msr 0:3ffe3001, primary cpu clock
[    0.000000] kvm-clock:sing sch ofset of 32258217 cycls
[    0.000000] clocksource: kvm-clock: mask: xffffffffffffff ma_cles: 0x1cd42e4dffb, max_idle_ns: 881590591483 s
[    0.000000]Zone ans:
[  000000]  D     [mm 00000001000-0x0000000ffffff]
[    0.000000]   DMA32    [mem 0x0000000001000000-0x000000003ffeffff]
[    0.000000]   Normal   empty
[    0.000000]   Device   empty
[    0.000000] Movable zone start for each node
[    0.000000] Early memory node ranges
[    0.000000]   node   0: [mem 0x0000000000001000-0x0000000009fff]
[   000000]   node   0: [mem 0x0000000000100000-0x000000003ffeffff]
[  0.000] nimeseup nod 0mem 0x00000000010000x000003ffff]
[   000000] CP: M-Timer O Po: 0x4008
  0.000000] IOAPIC[0]: apic_id 2, version 17, address 0xfec00000, GSI 0-23
[    0.000000] ACPI: INT_SRC_OVR (bus 0 bus_irq 0 global_irq 2 d d)
[    0.000000] ACPI: INT_SRC_OVR (bus 0 bus_irq 9 global_irq 9 high leel)
[    0.000000] Using ACPI (MADT) for SMP onigraon information
[  000000 sboot: llwi 2 CPUs,0 tplug CPUs
[    0.000000] PM: Registered nosave memory: [mem 0x00000000-0x00000fff]
[    0.000000] PM: Registered nosave memory: [mem 0x0009f000-0x0009ffff]
[    0.000] PM: giterednove memory: [mem 0x000a0000-0x000effff]
[    0.000000] PM: Registered nosave memory: [mem 0x000f0000-00fffff
[   0.00000] 20: [mem 0x40000000-0xfffbffff] available for PCI devices
[    0.000000] Bootg aravirtualized kernel on KVM
[    0.000000] clocksource: refined-jiffies: mask: 0xffffffff max_cycles: 0xffffffff, max_idle_ns: 7645519600211568 ns
[    0.000000] setup_percpu: NR_CPUS:512 nr_cpumask_bits:512 nr_cpu_ids:2 nr_nod_i:1
[    0.000000] PERCPU: Embedded 33 pages/cpu @ffff88003fc00000 s98264 r8192 d28712 u1048576
[    0.000000] PV qspinlock hash tablenties:25 (oder: 0, 4096 bytes)
[    0.000000] Built 1 zonelists in Node order, mobility grouping on.  Tol pages: 257913
[    0.000000] Policy zone: DMA32
[    0.000000] Kernel command line: BOOT_IMAGE=/boot/vmlinuz-4.4.0-89-genec  root=LABEL=cloudimg-rootfs rocool=tty1 onle=tt0
[  .00000] PID hashtae ntri: 96 (orde: , 2768bys)
[   000000] Memory: 1001736K/14820 availabl (74 krn code 194 rda, 3984rodata, 1488K ni 131K ss, 46384K reserved, 0K cma-reserved)
[    0.000000] SLUB: HWalign=64, Order=0-3, MinObjects=0, CPUs=2, Nodes=1
[    0.00000] Hierarchical RCU implementation.
[    0.000000] 	Build-time adjustment of leaf fanout to 64.
[    0.000000] 	RCU restricting CPUs from NR_CPUS=512 to nr_cpu_ids=2.
[    0.000000] RCU: Adjusting geometry for rcu_fanout_leaf=64, nr_cpu_ids=2
[    0.000000] NR_IRQS:33024 nr_irqs:440 16
[    0.000000] Console: colour VGA+ 80x25
[    0.000000] console [tty1] enabled
[    0.000000] console [ttyS0] enabled
[    0.000000] tsc: Detected 2699.998 MHz processor
[    7.206763] Calibrating delay loop (skipped) preset value.. 5399.99 BogoMIPS (lpj=10799992)
[    7.234389] pid_max: default: 32768 minimum: 301
[    7.246015] ACPI: Core revision 20150930
[    7.262113] ACPI: 2 ACPI AML tables successfully acquired and loaded
[    7.282386] Security Framework initialized
[    7.290886] Yama: becoming mindful.
[    7.313441] AppArmor: AppArmor initialized
[    7.318149] Dentry cache hash table entries: 131072 (order: 8, 1048576 bytes)
[    7.329848] Inode-cache hash table entries: 65536 (order: 7, 524288 bytes)
[    7.348751] Mount-cache hash table entries: 2048 (order: 2, 16384 bytes)
[    7.351782] Mountpoint-cache hash table entries: 2048 (order: 2, 16384 bytes)
[    7.370832] Initializing cgroup subsys io
[    7.382418] Initializing cgroup subsys memory
[    7.394644] Initializing cgroup subsys devices
[    7.402120] Initializing cgroup subsys freezer
[    7.417826] Initializing cgroup subsys net_cls
[    7.419604] Initializing cgroup subsys perf_event
[    7.429802] Initializing cgroup subsys net_prio
[    7.430919] Initializing cgroup subsys hugetlb
[    7.432002] Initializing cgroup subsys pids
[    7.443281] CPU: Physical Processor ID: 0
[    7.450313] CPU: Processor Core ID: 0
[    7.456151] mce: CPU supports 0 MCE banks
[    7.464219] Last level iTLB entries: 4KB 64, 2MB 8, 4MB 8
[    7.483885] Last level dTLB entries: 4KB 64, 2MB 0, 4MB 0, 1GB 4
[    7.488918] Freeing SMP alternatives memory: 32K (ffffffff820b9000 - ffffffff820c1000)
[    7.545279] ftrace: allocating 32131 entries in 126 pages
[    7.616044] smpboot: APIC(0) Converting physical 0 to logical package 0
[    7.658823] smpboot: Max logical packages: 1
[    7.667925] ..TIMER: vector=0x30 apic1=0 pin1=2 apic2=-1 pin2=-1
[    7.789579] smpboot: CPU0: Intel(R) Core(TM) i5-5257U CPU @ 2.70GHz (family: 0x6, model: 0x3d, stepping: 0x4)
[    7.802876] Performance Events: unsupported p6 CPU model 61 no PMU driver, software events only.
[    7.823261] KVM setup paravirtual spinlock
[    7.824872] x86: Booting SMP configuration:
[    7.825927] .... node  #0, CPUs:      #1
[    7.827035] kvm-clock: cpu 1, msr 0:3ffe3041, secondary cpu clock
[    7.834582] mce: CPU supports 0 MCE banks
[    7.837342] x86: Booted up 1 node, 2 CPUs
[    7.869687] smpboot: Total of 2 processors activated (10799.99 BogoMIPS)
[    7.886953] devtmpfs: initialized
[    7.895275] evm: security.selinux
[    7.939486] evm: security.SMACK64
[    7.942576] evm: security.SMACK64EXEC
[    7.969567] evm: security.SMACK64TRANSMUTE
[    7.989034] evm: security.SMACK64MMAP
[    8.014384] evm: security.ima
[    8.051892] evm: security.capability
[    8.101860] clocksource: jiffies: mask: 0xffffffff max_cycles: 0xffffffff, max_idle_ns: 7645041785100000 ns
[    8.141422] futex hash table entries: 512 (order: 3, 32768 bytes)
[    8.200596] pinctrl core: initialized pinctrl subsystem
[    8.233341] RTC time: 16:21:53, date: 08/09/17
[    8.247711] NET: Registered protocol family 16
[    8.286010] cpuidle: using governor ladder
[    8.314554] cpuidle: using governor menu
[    8.328081] PCCT header not found.
[    8.330730] ACPI: bus type PCI registered
[    8.336186] acpiphp: ACPI Hot Plug PCI Controller Driver version: 0.5
[    8.372578] PCI: Using configuration type 1 for base access
[    8.395276] ACPI: Added _OSI(Module Device)
[    8.413149] ACPI: Added _OSI(Processor Device)
[    8.414250] ACPI: Added _OSI(3.0 _SCP Extensions)
[    8.415434] ACPI: Added _OSI(Processor Aggregator Device)
[    8.428191] ACPI: Executed 1 blocks of module-level executable AML code
[    8.465272] ACPI: Interpreter enabled
[    8.474337] ACPI: (supports S0 S5)
[    8.492202] ACPI: Using IOAPIC for interrupt routing
[    8.499509] PCI: Using host bridge windows from ACPI; if necessary, use "pci=nocrs" and report a bug
[    8.528052] ACPI: PCI Root Bridge [PCI0] (domain 0000 [bus 00-ff])
[    8.578661] acpi PNP0A03:00: _OSC: OS supports [ASPM ClockPM Segments MSI]
[    8.580224] acpi PNP0A03:00: _OSC failed (AE_NOT_FOUND); disabling ASPM
[    8.598020] acpi PNP0A03:00: fail to add MMCONFIG information, can't access extended PCI configuration space under this bridge.
[    8.615702] PCI host bridge to bus 0000:00
[    8.632036] pci_bus 0000:00: root bus resource [io  0x0000-0x0cf7 window]
[    8.662674] pci_bus 0000:00: root bus resource [io  0x0d00-0xffff window]
[    8.680671] pci_bus 0000:00: root bus resource [mem 0x000a0000-0x000bffff window]
[    8.738075] pci_bus 0000:00: root bus resource [mem 0x40000000-0xffdfffff window]
[    8.804546] pci_bus 0000:00: root bus resource [bus 00-ff]
[    8.813732] pci 0000:00:01.1: legacy IDE quirk: reg 0x10: [io  0x01f0-0x01f7]
[    8.884364] pci 0000:00:01.1: legacy IDE quirk: reg 0x14: [io  0x03f6]
[    8.950737] pci 0000:00:01.1: legacy IDE quirk: reg 0x18: [io  0x0170-0x0177]
[    9.002284] pci 0000:00:01.1: legacy IDE quirk: reg 0x1c: [io  0x0376]
[    9.085784] ACPI: PCI Interrupt Link [LNKA] (IRQs 5 9 10 11) *0, disabled.
[    9.151650] ACPI: PCI Interrupt Link [LNKB] (IRQs 5 9 10 *11)
[    9.200101] ACPI: PCI Interrupt Link [LNKC] (IRQs 5 9 *10 11)
[    9.273952] ACPI: PCI Interrupt Link [LNKD] (IRQs 5 *9 10 11)
[    9.332826] ACPI: Enabled 2 GPEs in block 00 to 07
[    9.420689] vgaarb: setting as boot device: PCI:0000:00:02.0
[    9.425895] vgaarb: device added: PCI:0000:00:02.0,decodes=io+mem,owns=io+mem,locks=none
[    9.481065] vgaarb: loaded
[    9.483976] vgaarb: bridge control possible 0000:00:02.0
[    9.493674] SCSI subsystem initialized
[    9.502976] ACPI: bus type USB registered
[    9.509130] usbcore: registered new interface driver usbfs
[    9.514051] usbcore: registered new interface driver hub
[    9.540267] usbcore: registered new device driver usb
[    9.552380] PCI: Using ACPI for IRQ routing
[    9.553779] NetLabel: Initializing
[    9.558082] NetLabel:  domain hash size = 128
[    9.582077] NetLabel:  protocols = UNLABELED CIPSOv4
[    9.586502] NetLabel:  unlabeled traffic allowed by default
[    9.588197] amd_nb: Cannot enumerate AMD northbridges
[    9.633342] clocksource: Switched to clocksource kvm-clock
[    9.664299] AppArmor: AppArmor Filesystem Enabled
[   .671329] pnp: PnP ACPI init
[   9.10] npPnAC: ou 3dece
[  12061 cckur: pim:as 0ffffff max_cycles: 0xffffff, max_idle_ns: 2085701024 ns
[   10.732959] NET: Registered protocol family 2
[   107367TCesblheha tlentie 82 rder: 4, 65536 bytes)

[   11.398353] TCP bind hash table entries: 8192 (order: 5, 131072 bytes)
[   11.399890] TCP: Hash tables configured (established 8192 bind 8192)
[   11.447] DPash table entries: 2 rder: 2, 16384 bytes)
[   11.698096] UDP-Lite hash table entries: 512 (order: 2, 16384 bytes)
[   11.703031] NET: Registered protocol family 1
[   11.729321] pci 0000:00:00.0: Limiting direc P/P tanfes  1.264]ci0000:.0 AivinISA DMA hang workarounds

[   12.526491] Unpacking initramfs...
[   14.543915] Freeing initrd memory: 10840K (ffff880036ac4000 - ffff88003755a000)
[   14.565041] RAPL PMU detected, API unit is 2^-32 Joules, 4 fixed counters 10737418240 ms ovfl timer
[   14.672141] hw unit of domain pp0-core 2^-0 Joules
[   14.688059] hw unit of domain package 2^-0 Joules
[   14.691549] hw unit of domain dram 2^-0 Joules
[   14.741231] hw unit of domain pp1-gpu 2^-0 Joules
[   14.774852] platform rtc_cmos: registered platform RTC device (no PNP device found)
[   14.777025] Scanning for low memory corruption every 60 seconds
[   14.815141] audit: initializing netlink subsys (disabled)
[   14.879437] audit: type=2000 audit(1502295715.648:1): initialized
[   14.893629] Initialise system trusted keyring
[   14.898618] HugeTLB registered 2 MB page size, pre-allocated 0 pages
[   14.928552] zbud: loaded
[   14.929630] VFS: Disk quotas dquot_6.6.0
[   14.950545] VFS: Dquot-cache hash table entries: 512 (order 0, 4096 bytes)
[   15.051728] squashfs: version 4.0 (2009/01/31) Phillip Lougher
[   15.077194] fuse init (API version 7.23)
[   15.091020] Key type big_key registered
[   15.154533] Allocating IMA MOK and blacklist keyrings.
[   15.201855] Key type asymmetric registered
[   15.257557] Asymmetric key parser 'x509' registered
[   15.326214] Block layer SCSI generic (bsg) driver version 0.4 loaded (major 249)
[   15.359006] io scheduler noop registered
[   15.360089] io scheduler deadline registered (default)
[   15.416335] io scheduler cfq registered
[   15.456982] pci_hotplug: PCI Hot Plug PCI Core version: 0.5
[   15.483510] pciehp: PCI Express Hot Plug Controller Driver version: 0.4
[   15.521887] ACPI: AC Adapter [AC] (on-line)
[   15.576469] input: Power Button as /devices/LNXSYSTM:00/LNXPWRBN:00/input/input0
[   15.587271] ACPI: Power Button [PWRF]
[   15.609301] input: Sleep Button as /devices/LNXSYSTM:00/LNXSLPBN:00/input/input1
[   15.645768] ACPI: Sleep Button [SLPF]
[   15.647905] ACPI: Battery Slot [BAT0] (battery present)
[   15.70708] GHES: HEST is not enale!
[   15734]scReneTSclcksorccaibti: 9856MHz

[   15.773466] clocksource: tsc: mask: 0xffffffffffffffff max_cycles: 0x26e5f2eb028, max_idle_ns: 440795299732 ns
[   16.509568] Serial: 8250/16550 driver, 32 ports, IRQ sharing enabled
[   16.557368] 00:02: ttyS0 at I/O 0x3f8 (irq = 4, base_baud = 115200) is a 16550A
[   16.582657] Linux agpgart interface v0.103
[   16.622869] loop: module loaded
[   16.657704] scsi host0: ata_piix
[   16.700303] scsi host1: ata_piix
[   16.752003] ata1: PATA max UDMA/33 cmd 0x1f0 ctl 0x3f6 bmdma 0xd000 irq 14
[   16.762731] ata2: PATA max UDMA/33 cmd 0x170 ctl 0x376 bmdma 0xd008 irq 15
[   16.764636] libphy: Fixed MDIO Bus: probed
[   16.783421] tun: Universal TUN/TAP device driver, 1.6
[   16.812168] tun: (C) 1999-2004 Max Krasnyansky <maxk@qualcomm.com>
[   16.813760] PPP generic driver version 2.4.2
[   16.814919] ehci_hcd: USB 2.0 'Enhanced' Host Controller (EHCI) Driver
[   16.816383] ehci-pci: EHCI PCI platform driver
[   16.817456] ehci-platform: EHCI generic platform driver
[   16.843206] ohci_hcd: USB 1.1 'Open' Host Controller (OHCI) Driver
[   16.844614] ohci-pci: OHCI PCI platform driver
[   16.871108] ohci-platform: OHCI generic platform driver
[   16.962171] uhci_hcd: USB Universal Host Controller Interface driver
[   17.107051] i8042: PNP: PS/2 Controller [PNP0303:PS2K,PNP0f03:PS2M] at 0x60,0x64 irq 1,12
[   17.209320] serio: i8042 KBD port at 0x60,0x64 irq 1
[   17.231780] serio: i8042 AUX port at 0x60,0x64 irq 12
[   17.278929] mousedev: PS/2 mouse device common for all mice
[   17.324212] input: AT Translated Set 2 keyboard as /devices/platform/i8042/serio0/input/input2
[   14084rt_cmosrtcm: rtc core: registered rtc_cmos as rtc0
[   7.734839] rtc_cmos rtc_cmos: alarms up to one day, 114 bytes nvram
[   17.774348] i2c /dev entries driver
[   17.776750] device-mapper: uevent: version 1.0.3
[   17.780232] device-mapper: ioctl: 4.34.0-ioctl (2015-10-28) initialised: dm-devel@redhat.com
[   17.806845] ledtrig-cpu: registered to indicate activity on CPUs
[   17.809189] NET: Registered protocol family 10
[   17.816268] NET: Registered protocol family 17
[   17.817603] Key type dns_resolver registered
[   17.844583] microcode: CPU0 sig=0x306d4, pf=0x40, revision=0x0
[   17.864398] microcode: CPU1 sig=0x306d4, pf=0x40, revision=0x0
[   17.866817] microcode: Microcode Update Driver: v2.01 <tigran@aivazian.fsnet.co.uk>, Peter Oruba
[   17.884884] registered taskstats version 1
[   17.914443] Loading compiled-in X.509 certificates
[   17.916150] Loaded X.509 cert 'Build time autogenerated kernel key: 420a71e958a947963108b131c452aca'  8.15] wa: ad ung poo l/zd
[   18.732630] Key type trusted registered
[   18.765484] Key type encrypted registered
[   18.799357] AppArmor: AppArmor sha1 policy hashing enabled
[   18.800746] ima: No TPM chip found, activating TPM-bypass!
[   18.859566] evm: HMAC attrs: 0x1
[   18.883790]   Magic number: 13:208:388
[   18.886743] rtc_cmos rtc_cmos: setting system clock to 2017-08-09 16:22:04 UTC (10257)
[   19.037] IOEDfali v.120-Jn-, decefod
[   19.729986] EDD information not available.
[   19.732504] Freeing unused kernel memory: 1488K (ffffffff81f45000 - ffffffff820b9000)
[   19.737018] Write protecting the kernel read-only data: 14336k
[   19.739014] Freeing unused kernel memory: 1752K (ffff88000184a000 - ffff880001a00000)
[   19.755585] Freeing unused kernel memory: 112K (ffff880001de4000 - ffff880001e00000)
Loading, please [   19.770224] random: systemd-udevd: uninitialized urandom read (16 bytes read, 5 bits of entropy available)
wait...
startin[   19.770879] random: udevadm: uninitialized urandom read (16 bytes read, 5 bits of entropy available)
g version 229
[   19.770910] random: udevadm: uninitialized urandom read (16 bytes read, 5 bits of entropy available)
[   19.771001] random: udevadm: uninitialized urandom read (16 bytes read, 5 bits of entropy available)
[   19.771035] random: udevadm: uninitialized urandom read (16 bytes read, 5 bits of entropy available)
[   19.771067] random: udevadm: uninitialized urandom read (16 bytes read, 5 bits of entropy available)
[   19.771109] random: udevadm: uninitialized urandom read (16 bytes read, 5 bits of entropy available)
[   19.771141] random: udevadm: uninitialized urandom read (16 bytes read, 5 bits of entropy available)
[   19.771171] random: udevadm: uninitialized urandom read (16 bytes read, 5 bits of entropy available)
[   19.771202] random: udevadm: uninitialized urandom read (16 bytes read, 5 bits of entropy available)
[   20.018427] e1000: Intel(R) PRO/1000 Network Driver - version 7.3.21-k8-NAPI
[   20.020278] e1000: Copyright (c) 1999-2006 Intel Corporation.
[   20.022003] Fusion MPT base driver 3.04.20
[   20.037497] Copyright (c) 1999-2008 LSI Corporation
[   20.068619] Fusion MPT SPI Host driver 3.04.20
[   20.074273] AVX version of gcm_enc/dec engaged.
[   20.085257] AES CTR mode by8 optimization enabled
[   20.283863] input: ImExPS/2 Generic Explorer Mouse as /devices/platform/i8042/serio1/input/input4
[   20.451724] e1000 0000:00:03.0 eth0: (PCI:33MHz:32-bit) 02:c0:e2:3c:71:11
[   20.484404] e1000 0000:00:03.0 eth0: Intel(R) PRO/1000 Network Connection
[   20.488941] mptbase: ioc0: Initiating bringup
[   20.489113] e1000 0000:00:03.0 enp0s3: renamed from eth0
[   20.782258] ioc0: LSI53C1030 A0: Capabilities={Initiator}
[   21.282740] scsi host2: ioc0: LSI53C1030 A0, FwRev=00000000h, Ports=1, MaxQ=256, IRQ=20
[   22.107100] scsi 2:0:0:0: Direct-Access     VBOX     HARDDISK         1.0  PQ: 0 ANSI: 5
[   22.206449] scsi target2:0:0: Beginning Domain Validation
[   22.255367] scsi target2:0:0: Domain Validation skipping write tests
[   22.335339] scsi target2:0:0: Ending Domain Validation
[   23.099181] floppy0: no floppy controllers found
[   23.105729] scsi target2:0:0: asynchronous
[   23.182936] scsi 2:0:1:0: Direct-Access     VBOX     HARDDISK         1.0  PQ: 0 ANSI: 5
[   23.282454] scsi target2:0:1: Beginning Domain Validation
[   23.324362] scsi target2:0:1: Domain Validation skipping write tests
[   23.402404] scsi target2:0:1: Ending Domain Validation
[   23.464446] scsi target2:0:1: asynchronous
[   23.479549] sd 2:0:0:0: Attached scsi generic sg0 type 0
[   23.479676] sd 2:0:0:0: [sda] 20971520 512-byte logical blocks: (10.7 GB/10.0 GiB)
[   23.479823] sd 2:0:0:0: [sda] Write Protect is off
[   23.479905] sd 2:0:0:0: [sda] Incomplete mode parameter data
[   23.479906] sd 2:0:0:0: [sda] Assuming drive cache: write through
[   23.481850]  sda: sda1
[   23.482592] sd 2:0:0:0: [sda] Attached SCSI disk
[   23.810980] sd 2:0:1:0: [sdb] 20480 512-byte logical blocks: (10.5 MB/10.0 MiB)
[   23.823616] sd 2:0:1:0: Attached scsi generic sg1 type 0
[   23.825407] sd 2:0:1:0: [sdb] Write Protect is off
[   23.846545] sd 2:0:1:0: [sdb] Incomplete mode parameter data
[   24.155184] sd 2:0:1:0: [sdb] Assuming drive cache: write through
[   24.178987] sd 2:0:1:0: [sdb] Attached SCSI disk
Begin: Loading e[   25.561630] md: linear personality registered for level -1
ssential drivers[   25.615943] md: multipath personality registered for level -4
 ... [   25.674331] md: raid0 personality registered for level 0
[   25.757838] md: raid1 personality registered for level 1
[   25.873401] raid6: sse2x1   gen()  9353 MB/s
[   25.985864] raid6: sse2x1   xor()  6952 MB/s
[   26.097462] raid6: sse2x2   gen() 10512 MB/s
[   26.201426] raid6: sse2x2   xor()  5589 MB/s
[   26.305622] raid6: sse2x4   gen() 11583 MB/s
[   26.409493] raid6: sse2x4   xor()  9166 MB/s
[   26.468314] raid6: using algorithm sse2x4 gen() 11583 MB/s
[   26.522847] raid6: .... xor() 9166 MB/s, rmw enabled
[   26.550240] raid6: using ssse3x2 recovery algorithm
[   26.568763] xor: automatically using best checksumming function:
[   26.701737]    avx       : 17128.000 MB/sec
[   26.773980] async_tx: api initialized (async)
[   26.809142] md: raid6 personality registered for level 6
[   26.863044] md: raid5 personality registered for level 5
[   26.864276] md: raid4 personality registered for level 4
[   26.913223] md: raid10 personality registered for level 10
done.
Begin: Running /scripts/init-premount ... done.
Begin: Mounting root file system ... Beg[   26.978017] Btrfs loaded
in: Running /scripts/local-top ... done.
Begin: Running /scripts/local-premount ... Scanning for Btrfs filesystems
done.
Warning: fsck not present, so skipping root file system
[   27.011836] EXT4-fs (sda1): mounted filesystem with ordered data mode. Opts: (null)
done.
Begin: Running /scripts/local-bottom ... done.
Begin: Running /scripts/init-bottom ... done.
[   27.141968] systemd[1]: systemd 229 running in system mode. (+PAM +AUDIT +SELINUX +IMA +APPARMOR +SMACK +SYSVINIT +UTMP +LIBCRYPTSETUP +GCRYPT +GNUTLS +ACL +XZ -LZ4 +SECCOMP +BLKID +ELFUTILS +KMOD -IDN)
[   27.256550] systemd[1]: Detected virtualization oracle.
[   27.289101] systemd[1]: Detected architecture x86-64.

Welcome to [1mUbuntu 16.04.3 LTS[0m!

[   27.306764] systemd[1]: Set hostname to <ubuntu-xenial>.
[   27.463057] systemd[1]: Reached target Swap.
[[0;32m  OK  [0m] Reached target Swap.
[   27.508650] systemd[1]: Listening on Device-mapper event daemon FIFOs.
[[0;32m  OK  [0m] Listening on Device-mapper event daemon FIFOs.
[   27.594472] systemd[1]: Set up automount Arbitrary Executable File Formats File System Automount Point.
[[0;32m  OK  [0m] Set up automount Arbitrary Executab...ats File System Automount Point.
[   27.717902] systemd[1]: Listening on LVM2 poll daemon socket.
[[0;32m  OK  [0m] Listening on LVM2 poll daemon socket.
[   27.814449] systemd[1]: Listening on udev Control Socket.
[[0;32m  OK  [0m] Listening on udev Control Socket.
[   27.837968] systemd[1]: Reached target User and Group Name Lookups.
[[0;32m  OK  [0m] Reached target User and Group Name Lookups.
[   27.884876] systemd[1]: Listening on udev Kernel Socket.
[[0;32m  OK  [0m] Listening on udev Kernel Socket.
[   27.922616] systemd[1]: Created slice User and Session Slice.
[[0;32m  OK  [0m] Created slice User and Session Slice.
[   27.990704] systemd[1]: Created slice System Slice.
[[0;32m  OK  [0m] Created slice System Slice.
[   28.071089] systemd[1]: Reached target Slices.
[[0;32m  OK  [0m] Reached target Slices.
[   28.097731] systemd[1]: Started Trigger resolvconf update for networkd DNS.
[[0;32m  OK  [0m] Started Trigger resolvconf update for networkd DNS.
[   28.129840] systemd[1]: Listening on /dev/initctl Compatibility Named Pipe.
[[0;32m  OK  [0m] Listening on /dev/initctl Compatibility Named Pipe.
[   28.173772] systemd[1]: Listening on Journal Audit Socket.
[[0;32m  OK  [0m] Listening on Journal Audit Socket.
[   28.241980] systemd[1]: Listening on LVM2 metadata daemon socket.
[[0;32m  OK  [0m] Listening on LVM2 metadata daemon socket.
[   28.273772] systemd[1]: Listening on Journal Socket (/dev/log).
[[0;32m  OK  [0m] Listening on Journal Socket (/dev/log).
[   28.296423] systemd[1]: Started Forward Password Requests to Wall Directory Watch.
[[0;32m  OK  [0m] Started Forward Password Requests to Wall Directory Watch.
[   28.390270] systemd[1]: Reached target Encrypted Volumes.
[[0;32m  OK  [0m] Reached target Encrypted Volumes.
[   28.410569] systemd[1]: Listening on Syslog Socket.
[[0;32m  OK  [0m] Listening on Syslog Socket.
[   28.454976] systemd[1]: Created slice system-serial\x2dgetty.slice.
[[0;32m  OK  [0m] Created slice system-serial\x2dgetty.slice.
[   28.481358] systemd[1]: Listening on Journal Socket.
[[0;32m  OK  [0m] Listening on Journal Socket.
[   28.510530] systemd[1]: Starting Create list of required static device nodes for the current kernel...
[   28.598117] random: nonblocking pool is initialized
         Starting Create list of required st... nodes for the current kernel...
[   28.683379] systemd[1]: Starting Uncomplicated firewall...
         Starting Uncomplicated firewall...
[   28.794270] systemd[1]: Starting Load Kernel Modules...
[   28.802876] Loading iSCSI transport class v2.0-870.
         Starting Load Kernel Modules...
[   29.746187] iscsi: registered transport (tcp)
[   30.741986] systemd[1]: Starting Nameserver information manager...
         Starting Nameserver information manager...
[   30.792221] systemd[1]: Mounting POSIX Message Queue File System...
[   30.802574] iscsi: registered transport (iser)
         Mounting POSIX Message Queue File System...
[   30.850046] systemd[1]: Starting Journal Service...
         Starting Journal Service...
[   30.953554] systemd[1]: Mounting Huge Pages File System...
         Mounting Huge Pages File System...
[   31.082100] systemd[1]: Mounting Debug File System...
         Mounting Debug File System...
[   31.190371] systemd[1]: Starting Remount Root and Kernel File Systems...
[   1.20] T4s da: -mnted.Op: nul)
         Starting Remount Root and Kernel File Systems...
[   31.940719] systemd[1]: Starting Set console keymap...
         Starting Set console keymap...
[   32.030402] systemd[1]: Starting Monitoring of LVM2 mirrors, snapshots etc. using dmeventd or progress polling...
         Starting Monitoring of LVM2 mirrors... dmeventd or progress polling...
[   32.095009] systemd[1]: Mounted POSIX Message Queue File System.
[[0;32m  OK  [0m] Mounted POSIX Message Queue File System.
[   32.124349] systemd[1]: Mounted Huge Pages File System.
[[0;32m  OK  [0m] Mounted Huge Pages File System.
[   32.254288] systemd[1]: Mounted Debug File System.
[[0;32m  OK  [0m] Mounted Debug File System.
[   32.320865] systemd[1]: Started Journal Service.
[[0;32m  OK  [0m] Started Journal Service.
[[0;32m  OK  [0m] Started Create list of required sta...ce nodes for the current kernel.
[[0;32m  OK  [0m] Started Uncomplicated firewall.
[[0;32m  OK  [0m] Started Load Kernel Modules.
[[0;32m  OK  [0m] Started Remount Root and Kernel File Systems.
[[0;32m  OK  [0m] Started Set console keymap.
[[0;32m  OK  [0m] Started Nameserver information manager.
[[0;32m  OK  [0m] Started LVM2 metadata daemon.
         Starting Initial cloud-init job (pre-networking)...
         Starting Load/Save Random Seed...
         Starting udev Coldplug all Devices...
         Starting Apply Kernel Variables...
         Mounting FUSE Control File System...
         Starting Create Static Device Nodes in /dev...
         Starting Flush Journal to Persistent Storage...
[[0;32m  OK  [0m] Mounted FUSE Control File System.
[[0;32m  OK  [0m] Started Load/Save Random Seed.
[[0;32m  OK  [0m] Started Apply Kernel Variables.
[[0;32m  OK  [0m] Started Create Static Device Nodes in /dev.
[[0;32m  OK  [0m] Started Monitoring of LVM2 mirrors,...ng dmeventd or progress polling.
[[0;32m  OK  [0m] Started udev Coldplug all Devices.
[[0;32m  OK  [0m] Started Flush Journal to Persistent Storage.
         Starting udev Kernel Device Manager...
[[0;32m  OK  [0m] Started udev Kernel Device Manager.
[[0;32m  OK  [0m] Reached target Local File Systems (Pre).
[[0;32m  OK  [0m] Reached target Local File Systems.
         Starting Create Volatile Files and Directories...
         Starting LSB: AppArmor initialization...
         Starting Set console font and keymap...
         Starting Tell Plymouth To Write Out Runtime Data...
[[0;32m  OK  [0m] Started Dispatch Password Requests to Console Directory Watch.
[[0;32m  OK  [0m] Started Create Volatile Files and Directories.
[[0;32m  OK  [0m] Started Tell Plymouth To Write Out Runtime Data.
[[0;32m  OK  [0m] Found device /dev/ttyS0.
[[0;32m  OK  [0m] Reached target System Time Synchronized.
         Starting Update UTMP about System Boot/Shutdown...
[[0;32m  OK  [0m] Started LSB: AppArmor initialization.
[   25.036296] cloud-init[443]: Cloud-init v. 0.7.9 running 'init-local' at Wed, 09 Aug 2017 16:22:19 +0000. Up 24.55 seconds.
[[0;32m  OK  [0m] Started Initial cloud-init job (pre-networking).
[[0;32m  OK  [0m] Started Set console font and keymap.
[[0;32m  OK  [0m] Created slice system-getty.slice.
[[0;32m  OK  [0m] Reached target Network (Pre).
[[0;32m  OK  [0m] Started ifup for enp0s3.
[[0;32m  OK  [0m] Listening on Load/Save RF Kill Switch Status /dev/rfkill Watch.
         Starting Raise network interfaces...
[[0;32m  OK  [0m] Started Update UTMP about System Boot/Shutdown.
[[0;32m  OK  [0m] Found device 82540EM Gigabit Ethern...r (PRO/1000 MT Desktop Adapter).
[[0;32m  OK  [0m] Started Raise network interfaces.
         Starting Initial cloud-init job (metadata service crawler)...
[[0;32m  OK  [0m] Reached target Network.
[   28.184609] cloud-init[964]: Cloud-init v. 0.7.9 running 'init' at Wed, 09 Aug 2017 16:22:22 +0000. Up 27.93 seconds.
[[0;32m  OK  [0m] Started Initial cloud-init job (metadata service crawler).
[   28.279006] cloud-init[964]: ci-info: +++++++++++++++++++++++++++++++++++++Net device info++++++++++++++++++++++++++++++++++++++
[   28.368548] cloud-init[964]: ci-info: +--------+------+----------------------------+---------------+-------+-------------------+
[   28.408486] cloud-init[964]: ci-info: | Device |  Up  |          Address           |      Mask     | Scope |     Hw-Address    |
[[0;32m  OK  [0m] Reached target Network is Online.
[   28.475190] cloud-init[964]: ci-info: +--------+------+----------------------------+---------------+-------+-------------------+
         Starting iSCSI initiator daemon (iscsid)...
[[0;32m  OK  [0m] Reached target Cloud-config availability.
[[0;32m  OK  [0m] Reached target System Initialization.
[[0;32m  OK  [0m] Listening on D-Bus System Message Bus Socket.
[   28.583812] cloud-init[964]: ci-info: |   lo   | True |         127.0.0.1          |   255.0.0.0   |   .   |         .         |
[   28.820922] cloud-init[964]: ci-info: |   lo   | True |          ::1/128           |       .       |  host |         .         |
[   28.872645] cloud-init[964]: ci-info: | enp0s3 | True |         10.0.2.15          | 255.255.255.0 |   .   | 02:c0:e2:3c:71:11 |
[   28.936685] cloud-init[964]: ci-info: | enp0s3 | True | fe80::c0:e2ff:fe3c:7111/64 |       .       |  link | 02:c0:e2:3c:71:11 |
[   29.008766] cloud-init[964]: ci-info: +--------+------+----------------------------+---------------+-------+-------------------+
[[0;32m  OK  [0m] Started ACPI Events Check.
[[0;32m  OK  [0m] Reached target Paths.
[   29.055708]          cloud-initStarting Socket activation for snappy daemon.[964]: 
ci-info: +++++++++++++++++++++++++++Route IPv4 info++++++++++++++++++++++++++++
[   29.172226] [[0;32m  OK  [0m] Started Daily apt download activities.
[[0;32m  OK  [0m] Listening on UUID daemon activation socket.
cloud-init[964]: ci-info: +-------+-------------+----------+---------------+-----------+-------+
[   29.320744]          cloud-initStarting LXD - unix socket.[964]: 
ci-info: | Route | Destination | Gateway  |    Genmask    | Interface | Flags |
[   29.424568] [cloud-init[0;32m  OK  [0m[964]: ] ci-info: +-------+-------------+----------+---------------+-----------+-------+Started Daily Cleanup of Temporary Directories.

[[0;32m  OK  [0m] Started Daily apt upgrade and clean activities.
[[0;32m  OK  [0m] Listening on ACPID Listen Socket.
[   29.425086] cloud-init[964]: ci-info: |   0   |   0.0.0.0   | 10.0.2.2 |    0.0.0.0    |   enp0s3  |   UG  |
[   29.649488] [cloud-init[0;32m  OK  [0m[964]: ] ci-info: |   1   |   10.0.2.0  | 0.0.0.0  | 255.255.255.0 |   enp0s3  |   U   |Started Timer to automatically refresh installed snaps.

[[0;32m  OK  [0m] Reached target Timers.
[   29.650101] cloud-init[964]: ci-info: +-------+-------------+----------+---------------+-----------+-------+
[[0;32m  OK  [0m] Listening on Socket activation for snappy daemon.
[[0;32m  OK  [0m] Listening on LXD - unix socket.
[[0;32m  OK  [0m] Started iSCSI initiator daemon (iscsid).
         Starting Login to default iSCSI targets...
[[0;32m  OK  [0m] Reached target Sockets.
[[0;32m  OK  [0m] Reached target Basic System.
[[0;32m  OK  [0m] Started Regular background program processing daemon.
         Starting LSB: MD monitoring daemon...
[[0;32m  OK  [0m] Started ACPI event daemon.
[[0;32m  OK  [0m] Started Deferred execution scheduler.
         Starting LXD - container startup/shutdown...
         Starting /etc/rc.local Compatibility...
         Starting System Logging Service...
[[0;32m  OK  [0m] Started D-Bus System Message Bus.
[[0;32m  OK  [0m] Started FUSE filesystem for LXC.
         Starting Apply the settings specified in cloud-config...
         Starting Accounts Service...
[[0;32m  OK  [0m] Started Unattended Upgrades Shutdown.
         Starting Login Service...
         Starting LSB: Record successful boot for GRUB...
         Starting OpenBSD Secure Shell server...
[[0;32m  OK  [0m] Started Snappy daemon.
         Starting Auto import assertions from block devices...
[[0;32m  OK  [0m] Started System Logging Service.
[[0;32m  OK  [0m] Started OpenBSD Secure Shell server.
[[0;32m  OK  [0m] Started LXD - container startup/shutdown.
[[0;32m  OK  [0m] Started /etc/rc.local Compatibility.
[[0;32m  OK  [0m] Started Auto import assertions from block devices.
[[0;32m  OK  [0m] Started Login to default iSCSI targets.
[   31.131435] cloud-init[1054]: Cloud-init v. 0.7.9 running 'modules:config' at Wed, 09 Aug 2017 16:22:25 +0000. Up 31.02 seconds.
[[0;32m  OK  [0m] Started LSB: MD monitoring daemon.
[[0;32m  OK  [0m] Started Apply the settings specified in cloud-config.
[[0;32m  OK  [0m] Started LSB: Record successful boot for GRUB.
         Starting Authenticate and Authorize Users to Run Privileged Tasks...
[[0;32m  OK  [0m] Reached target Remote File Systems (Pre).
[[0;32m  OK  [0m] Reached target Remote File Systems.
         Starting LSB: VirtualBox Linux Additions...
         Starting Permit User Sessions...
         Starting LSB: daemon to balance interrupts for SMP systems...
         Starting LSB: Set the CPU Frequency Scaling governor to "ondemand"...
         Starting LSB: automatic crash report generation...
[[0;32m  OK  [0m] Started Permit User Sessions.
[[0;32m  OK  [0m] Started Login Service.
[[0;32m  OK  [0m] Started Authenticate and Authorize Users to Run Privileged Tasks.
[[0;32m  OK  [0m] Started Accounts Service.
         Starting Hold until boot process finishes up...
         Starting Terminate Plymouth Boot Screen...
[[0;32m  OK  [0m] Started LSB: VirtualBox Linux Additions.
[[0;32m  OK  [0m] Started LSB: daemon to balance interrupts for SMP systems.
[[0;32m  OK  [0m] Started LSB: Set the CPU Frequency Scaling governor to "ondemand".
[[0;32m  OK  [0m] Started LSB: automatic crash report generation.
[[0;32m  OK  [0m] Started Hold until boot process finishes up.
[[0;32m  OK  [0m] Started Terminate Plymouth Boot Screen.
[[0;32m  OK  [0m] Started Getty on tty1.
         Starting Set console scheme...
[[0;32m  OK  [0m] Started Serial Getty on ttyS0.
[[0;32m  OK  [0m] Reached target Login Prompts.
[[0;32m  OK  [0m] Reached target Multi-User System.
         Starting Execute cloud user/final scripts...
[[0;32m  OK  [0m] Reached target Graphical Interface.
         Starting Update UTMP about System Runlevel Changes...
[[0;32m  OK  [0m] Started Set console scheme.
[[0;32m  OK  [0m] Started Update UTMP about System Runlevel Changes.
[   32.930926] cloud-init[1193]: Cloud-init v. 0.7.9 running 'modules:final' at Wed, 09 Aug 2017 16:22:27 +0000. Up 32.78 seconds.
[   32.977204] cloud-init[1193]: Cloud-init v. 0.7.9 finished at Wed, 09 Aug 2017 16:22:27 +0000. Datasource DataSourceNoCloud [seed=/dev/sdb][dsmode=net].  Up 32.91 seconds
[[0;32m  OK  [0m] Started Execute cloud user/final scripts.
[[0;32m  OK  [0m] Reached target Cloud-init target.

Ubuntu 16.04.3 LTS ubuntu-xenial ttyS0

ubuntu-xenial login: [[0;32m  O[         Stopping LSB: automatic crash report generation...
         Stopping LSB: VirtualBox Linux Additions...
         Stopping OpenBSD Secure Shell server...
         Stopping LSB: Record successful boot for GRUB...
         Stopping LSB: Set the CPU Frequency Scaling governor to "ondemand"...
         Stopping System Logging Service...
[[0;32m  OK  [0m] Stopped target Timers.
[[0;32m  OK  [0m] Stopped Daily Cleanup of Temporary Directories.
[[0;32m  OK  [0m] Stopped Timer to automatically refresh installed snaps.
         Stopping Deferred execution scheduler...
         Stopping FUSE filesystem for LXC...
[[0;32m  OK  [0m] Stopped Daily apt upgrade and clean activities.
[[0;32m  OK  [0m] Stopped Daily apt download activities.
[[0;32m  OK  [0m] Stopped target System Time Synchronized.
         Stopping LSB: daemon to balance interrupts for SMP systems...
         Stopping LSB: MD monitoring daemon...
[[0;32m  OK  [0m] Unmounted /var/lib/lxcfs.
[[0;32m  OK  [0m] Stopped Regular background program processing daemon.
[[0;32m  OK  [0m] Stopped ACPI event daemon.
[[0;32m  OK  [0m] Stopped Deferred execution scheduler.
[[0;32m  OK  [0m] Stopped System Logging Service.
[[0;32m  OK  [0m] Stopped Accounts Service.
[[0;32m  OK  [0m] Stopped OpenBSD Secure Shell server.
[[0;32m  OK  [0m] Stopped Snappy daemon.
[[0;32m  OK  [0m] Stopped Authenticate and Authorize Users to Run Privileged Tasks.
[[0;32m  OK  [0m] Stopped Getty on tty1.
[[0;32m  OK  [0m] Stopped Serial Getty on ttyS0.
[[0;32m  OK  [0m] Stopped User Manager for UID 1000.
[[0;32m  OK  [0m] Stopped Session 3 of user ubuntu.
[[0;32m  OK  [0m] Stopped Unattended Upgrades Shutdown.
[[0;32m  OK  [0m] Stopped D-Bus System Message Bus.
[[0;32m  OK  [0m] Stopped FUSE filesystem for LXC.
[[0;32m  OK  [0m] Stopped LSB: Record successful boot for GRUB.
[[0;32m  OK  [0m] Stopped LSB: automatic crash report generation.
[[0;32m  OK  [0m] Stopped LSB: VirtualBox Linux Additions.
[[0;32m  OK  [0m] Stopped LSB: Set the CPU Frequency Scaling governor to "ondemand".
[[0;32m  OK  [0m] Stopped LSB: daemon to balance interrupts for SMP systems.
[[0;32m  OK  [0m] Stopped LSB: MD monitoring daemon.
[[0;32m  OK  [0m] Removed slice User Slice of ubuntu.
         Stopping Login Service...
[[0;32m  OK  [0m] Removed slice system-serial\x2dgetty.slice.
[[0;32m  OK  [0m] Removed slice system-getty.slice.
[[0;32m  OK  [0m] Stopped /etc/rc.local Compatibility.
         Stopping Permit User Sessions...
[[0;32m  OK  [0m] Stopped Login Service.
[[0;32m  OK  [0m] Stopped Permit User Sessions.
[[0;32m  OK  [0m] Stopped target Remote File Systems.
[[0;32m  OK  [0m] Stopped target Remote File Systems (Pre).
         Stopping Login to default iSCSI targets...
[[0;32m  OK  [0m] Stopped target User and Group Name Lookups.
[[0;32m  OK  [0m] Stopped Login to default iSCSI targets.
         Stopping iSCSI initiator daemon (iscsid)...
[[0;32m  OK  [0m] Stopped iSCSI initiator daemon (iscsid).
[[0;32m  OK  [0m] Stopped target Network is Online.
[[0;32m  OK  [0m] Stopped target Network.
[[0;32m  OK  [0m] Stopped LXD - container startup/shutdown.
[[0;32m  OK  [0m] Stopped target Basic System.
[[0;32m  OK  [0m] Stopped target Sockets.
[[0;32m  OK  [0m] Closed Socket activation for snappy daemon.
[[0;32m  OK  [0m] Closed D-Bus System Message Bus Socket.
[[0;32m  OK  [0m] Closed ACPID Listen Socket.
[[0;32m  OK  [0m] Closed Syslog Socket.
[[0;32m  OK  [0m] Closed UUID daemon activation socket.
[[0;32m  OK  [0m] Closed LXD - unix socket.
[[0;32m  OK  [0m] Stopped target Slices.
[[0;32m  OK  [0m] Removed slice User and Session Slice.
[[0;32m  OK  [0m] Stopped target Paths.
[[0;32m  OK  [0m] Stopped Dispatch Password Requests to Console Directory Watch.
[[0;32m  OK  [0m] Stopped ACPI Events Check.
[[0;32m  OK  [0m] Stopped Forward Password Requests to Wall Directory Watch.
[[0;32m  OK  [0m] Stopped target System Initialization.
[[0;32m  OK  [0m] Stopped target Swap.
[[0;32m  OK  [0m] Stopped target Encrypted Volumes.
         Stopping Update UTMP about System Boot/Shutdown...
         Stopping Load/Save Random Seed...
[[0;32m  OK  [0m] Stopped Initial cloud-init job (metadata service crawler).
         Stopping Raise network interfaces...
[[0;32m  OK  [0m] Stopped Load/Save Random Seed.
[[0;32m  OK  [0m] Stopped Update UTMP about System Boot/Shutdown.
[[0;32m  OK  [0m] Stopped Create Volatile Files and Directories.
[[0;32m  OK  [0m] Stopped Raise network interfaces.
[[0;32m  OK  [0m] Stopped target Network (Pre).
[[0;32m  OK  [0m] Stopped Initial cloud-init job (pre-networking).
[[0;32m  OK  [0m] Stopped target Local File Systems.
         Unmounting /run/user/1000...
         Unmounting /vagrant...
[[0;32m  OK  [0m] Stopped Apply Kernel Variables.
[[0;32m  OK  [0m] Stopped Load Kernel Modules.
[[0;32m  OK  [0m] Unmounted /run/user/1000.
[[0;32m  OK  [0m] Unmounted /vagrant.
[[0;32m  OK  [0m] Reached target Unmount All Filesystems.
[[0;32m  OK  [0m] Stopped target Local File Systems (Pre).
[[0;32m  OK  [0m] Stopped Remount Root and Kernel File Systems.
[[0;32m  OK  [0m] Stopped Create Static Device Nodes in /dev.
[[0;32m  OK  [0m] Reached target Shutdown.
[  105.514691] reboot: Power down